// Jest Snapshot v1, https://goo.gl/fbAQLP

exports[`ConfirmationDialogComponent specs should should render the Dialog and its props using snapshot testing 1`] = `
<div
  aria-labelledby=":r5:"
  class="MuiPaper-root MuiPaper-elevation MuiPaper-rounded MuiPaper-elevation24 MuiDialog-paper MuiDialog-paperScrollPaper MuiDialog-paperWidthSm css-1t1j96h-MuiPaper-root-MuiDialog-paper"
  role="dialog"
>
  <h2
    class="MuiTypography-root MuiTypography-h6 MuiDialogTitle-root css-bdhsul-MuiTypography-root-MuiDialogTitle-root"
    id=":r5:"
  >
    Eliminar proyecto
  </h2>
  <div
    class="MuiDialogContent-root css-ypiqx9-MuiDialogContent-root"
  >
    <h1>
       Â¿Desea eliminar el proyecto? 
    </h1>
  </div>
  <div
    class="MuiDialogActions-root MuiDialogActions-spacing css-hlj6pa-MuiDialogActions-root"
  >
    <button
      class="MuiButtonBase-root MuiButton-root MuiButton-contained MuiButton-containedSecondary MuiButton-sizeMedium MuiButton-containedSizeMedium MuiButton-root MuiButton-contained MuiButton-containedSecondary MuiButton-sizeMedium MuiButton-containedSizeMedium css-zcbmsk-MuiButtonBase-root-MuiButton-root"
      tabindex="0"
      type="button"
    >
      Cerrar
      <span
        class="MuiTouchRipple-root css-8je8zh-MuiTouchRipple-root"
      />
    </button>
    <button
      class="MuiButtonBase-root MuiButton-root MuiButton-contained MuiButton-containedPrimary MuiButton-sizeMedium MuiButton-containedSizeMedium MuiButton-root MuiButton-contained MuiButton-containedPrimary MuiButton-sizeMedium MuiButton-containedSizeMedium css-sghohy-MuiButtonBase-root-MuiButton-root"
      tabindex="0"
      type="button"
    >
      Aceptar
      <span
        class="MuiTouchRipple-root css-8je8zh-MuiTouchRipple-root"
      />
    </button>
  </div>
</div>
`;
